// Jest Snapshot v1, https://goo.gl/fbAQLP

exports[`renders correctly 1`] = `
<div
  class="gh"
>
  <div
    className="container"
  >
    <div
      className="card col-md-6 offset-md-3 offset-md-3"
    >
      <h3>
        Guard Shift Details
      </h3>
      <form
        action=""
        onSubmit={[Function]}
      >
        <div
          className="form-group"
        >
          <label
            htmlFor="guardDate"
          >
            Guard Joining Date(yyyy-mm-dd)
          </label>
          <br />
          <input
            autoComplete="off"
            id="guardDate"
            name="guardDate"
            onChange={[Function]}
            required={true}
            type="text"
            value=""
          />
          <br />
          <label
            htmlFor="guardShift"
          >
            Shift Timing
          </label>
          <br />
          <input
            autoComplete="off"
            id="guardShift"
            name="guardShift"
            onChange={[Function]}
            required={true}
            type="text"
            value=""
          />
          <br />
          <button
            class="btn btn-outline-success my-2 my-sm-0"
            type="submit"
          >
            Submit
          </button>
        </div>
      </form>
      <div
        id="showSuccessResponseGuardShiftDetails"
      />
    </div>
  </div>
</div>
`;
